[
  {
    "choices": [
      {
        "finish_reason": "",
        "index": 0,
        "logprobs": null,
        "text": "\n"
      }
    ],
    "created": 1713284431,
    "id": "",
    "model": "TinyLlama/TinyLlama-1.1B-Chat-v1.0",
    "object": "text_completion",
    "system_fingerprint": "2.0.1-native"
  },
  {
    "choices": [
      {
        "finish_reason": "",
        "index": 1,
        "logprobs": null,
        "text": "\n"
      }
    ],
    "created": 1713284431,
    "id": "",
    "model": "TinyLlama/TinyLlama-1.1B-Chat-v1.0",
    "object": "text_completion",
    "system_fingerprint": "2.0.1-native"
  },
  {
    "choices": [
      {
        "finish_reason": "",
        "index": 2,
        "logprobs": null,
        "text": "\n"
      }
    ],
    "created": 1713284431,
    "id": "",
    "model": "TinyLlama/TinyLlama-1.1B-Chat-v1.0",
    "object": "text_completion",
    "system_fingerprint": "2.0.1-native"
  },
  {
    "choices": [
      {
        "finish_reason": "",
        "index": 3,
        "logprobs": null,
        "text": "hd"
      }
    ],
    "created": 1713284431,
    "id": "",
    "model": "TinyLlama/TinyLlama-1.1B-Chat-v1.0",
    "object": "text_completion",
    "system_fingerprint": "2.0.1-native"
  },
  {
    "choices": [
      {
        "finish_reason": "",
        "index": 0,
        "logprobs": null,
        "text": "\n"
      }
    ],
    "created": 1713284431,
    "id": "",
    "model": "TinyLlama/TinyLlama-1.1B-Chat-v1.0",
    "object": "text_completion",
    "system_fingerprint": "2.0.1-native"
  },
  {
    "choices": [
      {
        "finish_reason": "",
        "index": 1,
        "logprobs": null,
        "text": "\n"
      }
    ],
    "created": 1713284431,
    "id": "",
    "model": "TinyLlama/TinyLlama-1.1B-Chat-v1.0",
    "object": "text_completion",
    "system_fingerprint": "2.0.1-native"
  },
  {
    "choices": [
      {
        "finish_reason": "",
        "index": 2,
        "logprobs": null,
        "text": "\n"
      }
    ],
    "created": 1713284431,
    "id": "",
    "model": "TinyLlama/TinyLlama-1.1B-Chat-v1.0",
    "object": "text_completion",
    "system_fingerprint": "2.0.1-native"
  },
  {
    "choices": [
      {
        "finish_reason": "",
        "index": 3,
        "logprobs": null,
        "text": "aho"
      }
    ],
    "created": 1713284431,
    "id": "",
    "model": "TinyLlama/TinyLlama-1.1B-Chat-v1.0",
    "object": "text_completion",
    "system_fingerprint": "2.0.1-native"
  },
  {
    "choices": [
      {
        "finish_reason": "",
        "index": 0,
        "logprobs": null,
        "text": "2"
      }
    ],
    "created": 1713284431,
    "id": "",
    "model": "TinyLlama/TinyLlama-1.1B-Chat-v1.0",
    "object": "text_completion",
    "system_fingerprint": "2.0.1-native"
  },
  {
    "choices": [
      {
        "finish_reason": "",
        "index": 1,
        "logprobs": null,
        "text": "2"
      }
    ],
    "created": 1713284431,
    "id": "",
    "model": "TinyLlama/TinyLlama-1.1B-Chat-v1.0",
    "object": "text_completion",
    "system_fingerprint": "2.0.1-native"
  },
  {
    "choices": [
      {
        "finish_reason": "",
        "index": 2,
        "logprobs": null,
        "text": "2"
      }
    ],
    "created": 1713284431,
    "id": "",
    "model": "TinyLlama/TinyLlama-1.1B-Chat-v1.0",
    "object": "text_completion",
    "system_fingerprint": "2.0.1-native"
  },
  {
    "choices": [
      {
        "finish_reason": "",
        "index": 3,
        "logprobs": null,
        "text": "ima"
      }
    ],
    "created": 1713284431,
    "id": "",
    "model": "TinyLlama/TinyLlama-1.1B-Chat-v1.0",
    "object": "text_completion",
    "system_fingerprint": "2.0.1-native"
  },
  {
    "choices": [
      {
        "finish_reason": "",
        "index": 0,
        "logprobs": null,
        "text": "."
      }
    ],
    "created": 1713284431,
    "id": "",
    "model": "TinyLlama/TinyLlama-1.1B-Chat-v1.0",
    "object": "text_completion",
    "system_fingerprint": "2.0.1-native"
  },
  {
    "choices": [
      {
        "finish_reason": "",
        "index": 1,
        "logprobs": null,
        "text": "."
      }
    ],
    "created": 1713284431,
    "id": "",
    "model": "TinyLlama/TinyLlama-1.1B-Chat-v1.0",
    "object": "text_completion",
    "system_fingerprint": "2.0.1-native"
  },
  {
    "choices": [
      {
        "finish_reason": "",
        "index": 2,
        "logprobs": null,
        "text": "."
      }
    ],
    "created": 1713284431,
    "id": "",
    "model": "TinyLlama/TinyLlama-1.1B-Chat-v1.0",
    "object": "text_completion",
    "system_fingerprint": "2.0.1-native"
  },
  {
    "choices": [
      {
        "finish_reason": "",
        "index": 3,
        "logprobs": null,
        "text": "\n"
      }
    ],
    "created": 1713284431,
    "id": "",
    "model": "TinyLlama/TinyLlama-1.1B-Chat-v1.0",
    "object": "text_completion",
    "system_fingerprint": "2.0.1-native"
  },
  {
    "choices": [
      {
        "finish_reason": "",
        "index": 0,
        "logprobs": null,
        "text": " Sarah"
      }
    ],
    "created": 1713284431,
    "id": "",
    "model": "TinyLlama/TinyLlama-1.1B-Chat-v1.0",
    "object": "text_completion",
    "system_fingerprint": "2.0.1-native"
  },
  {
    "choices": [
      {
        "finish_reason": "",
        "index": 1,
        "logprobs": null,
        "text": " Yes"
      }
    ],
    "created": 1713284431,
    "id": "",
    "model": "TinyLlama/TinyLlama-1.1B-Chat-v1.0",
    "object": "text_completion",
    "system_fingerprint": "2.0.1-native"
  },
  {
    "choices": [
      {
        "finish_reason": "",
        "index": 2,
        "logprobs": null,
        "text": " And"
      }
    ],
    "created": 1713284431,
    "id": "",
    "model": "TinyLlama/TinyLlama-1.1B-Chat-v1.0",
    "object": "text_completion",
    "system_fingerprint": "2.0.1-native"
  },
  {
    "choices": [
      {
        "finish_reason": "",
        "index": 3,
        "logprobs": null,
        "text": "i"
      }
    ],
    "created": 1713284431,
    "id": "",
    "model": "TinyLlama/TinyLlama-1.1B-Chat-v1.0",
    "object": "text_completion",
    "system_fingerprint": "2.0.1-native"
  },
  {
    "choices": [
      {
        "finish_reason": "",
        "index": 0,
        "logprobs": null,
        "text": "'"
      }
    ],
    "created": 1713284431,
    "id": "",
    "model": "TinyLlama/TinyLlama-1.1B-Chat-v1.0",
    "object": "text_completion",
    "system_fingerprint": "2.0.1-native"
  },
  {
    "choices": [
      {
        "finish_reason": "",
        "index": 1,
        "logprobs": null,
        "text": ","
      }
    ],
    "created": 1713284431,
    "id": "",
    "model": "TinyLlama/TinyLlama-1.1B-Chat-v1.0",
    "object": "text_completion",
    "system_fingerprint": "2.0.1-native"
  },
  {
    "choices": [
      {
        "finish_reason": "",
        "index": 2,
        "logprobs": null,
        "text": " what"
      }
    ],
    "created": 1713284431,
    "id": "",
    "model": "TinyLlama/TinyLlama-1.1B-Chat-v1.0",
    "object": "text_completion",
    "system_fingerprint": "2.0.1-native"
  },
  {
    "choices": [
      {
        "finish_reason": "",
        "index": 3,
        "logprobs": null,
        "text": "'"
      }
    ],
    "created": 1713284431,
    "id": "",
    "model": "TinyLlama/TinyLlama-1.1B-Chat-v1.0",
    "object": "text_completion",
    "system_fingerprint": "2.0.1-native"
  },
  {
    "choices": [
      {
        "finish_reason": "",
        "index": 0,
        "logprobs": null,
        "text": "s"
      }
    ],
    "created": 1713284431,
    "id": "",
    "model": "TinyLlama/TinyLlama-1.1B-Chat-v1.0",
    "object": "text_completion",
    "system_fingerprint": "2.0.1-native"
  },
  {
    "choices": [
      {
        "finish_reason": "",
        "index": 1,
        "logprobs": null,
        "text": " Moh"
      }
    ],
    "created": 1713284431,
    "id": "",
    "model": "TinyLlama/TinyLlama-1.1B-Chat-v1.0",
    "object": "text_completion",
    "system_fingerprint": "2.0.1-native"
  },
  {
    "choices": [
      {
        "finish_reason": "",
        "index": 2,
        "logprobs": null,
        "text": " is"
      }
    ],
    "created": 1713284431,
    "id": "",
    "model": "TinyLlama/TinyLlama-1.1B-Chat-v1.0",
    "object": "text_completion",
    "system_fingerprint": "2.0.1-native"
  },
  {
    "choices": [
      {
        "finish_reason": "",
        "index": 3,
        "logprobs": null,
        "text": "m"
      }
    ],
    "created": 1713284431,
    "id": "",
    "model": "TinyLlama/TinyLlama-1.1B-Chat-v1.0",
    "object": "text_completion",
    "system_fingerprint": "2.0.1-native"
  },
  {
    "choices": [
      {
        "finish_reason": "",
        "index": 0,
        "logprobs": null,
        "text": " Room"
      }
    ],
    "created": 1713284431,
    "id": "",
    "model": "TinyLlama/TinyLlama-1.1B-Chat-v1.0",
    "object": "text_completion",
    "system_fingerprint": "2.0.1-native"
  },
  {
    "choices": [
      {
        "finish_reason": "",
        "index": 1,
        "logprobs": null,
        "text": "s"
      }
    ],
    "created": 1713284431,
    "id": "",
    "model": "TinyLlama/TinyLlama-1.1B-Chat-v1.0",
    "object": "text_completion",
    "system_fingerprint": "2.0.1-native"
  },
  {
    "choices": [
      {
        "finish_reason": "",
        "index": 2,
        "logprobs": null,
        "text": " the"
      }
    ],
    "created": 1713284431,
    "id": "",
    "model": "TinyLlama/TinyLlama-1.1B-Chat-v1.0",
    "object": "text_completion",
    "system_fingerprint": "2.0.1-native"
  },
  {
    "choices": [
      {
        "finish_reason": "",
        "index": 3,
        "logprobs": null,
        "text": " tired"
      }
    ],
    "created": 1713284431,
    "id": "",
    "model": "TinyLlama/TinyLlama-1.1B-Chat-v1.0",
    "object": "text_completion",
    "system_fingerprint": "2.0.1-native"
  },
  {
    "choices": [
      {
        "finish_reason": "",
        "index": 0,
        "logprobs": null,
        "text": ":"
      }
    ],
    "created": 1713284431,
    "id": "",
    "model": "TinyLlama/TinyLlama-1.1B-Chat-v1.0",
    "object": "text_completion",
    "system_fingerprint": "2.0.1-native"
  },
  {
    "choices": [
      {
        "finish_reason": "",
        "index": 1,
        "logprobs": null,
        "text": "'"
      }
    ],
    "created": 1713284431,
    "id": "",
    "model": "TinyLlama/TinyLlama-1.1B-Chat-v1.0",
    "object": "text_completion",
    "system_fingerprint": "2.0.1-native"
  },
  {
    "choices": [
      {
        "finish_reason": "",
        "index": 2,
        "logprobs": null,
        "text": " capital"
      }
    ],
    "created": 1713284431,
    "id": "",
    "model": "TinyLlama/TinyLlama-1.1B-Chat-v1.0",
    "object": "text_completion",
    "system_fingerprint": "2.0.1-native"
  },
  {
    "choices": [
      {
        "finish_reason": "",
        "index": 3,
        "logprobs": null,
        "text": " of"
      }
    ],
    "created": 1713284431,
    "id": "",
    "model": "TinyLlama/TinyLlama-1.1B-Chat-v1.0",
    "object": "text_completion",
    "system_fingerprint": "2.0.1-native"
  },
  {
    "choices": [
      {
        "finish_reason": "",
        "index": 0,
        "logprobs": null,
        "text": " She"
      }
    ],
    "created": 1713284431,
    "id": "",
    "model": "TinyLlama/TinyLlama-1.1B-Chat-v1.0",
    "object": "text_completion",
    "system_fingerprint": "2.0.1-native"
  },
  {
    "choices": [
      {
        "finish_reason": "",
        "index": 1,
        "logprobs": null,
        "text": " scale"
      }
    ],
    "created": 1713284431,
    "id": "",
    "model": "TinyLlama/TinyLlama-1.1B-Chat-v1.0",
    "object": "text_completion",
    "system_fingerprint": "2.0.1-native"
  },
  {
    "choices": [
      {
        "finish_reason": "",
        "index": 2,
        "logprobs": null,
        "text": " of"
      }
    ],
    "created": 1713284431,
    "id": "",
    "model": "TinyLlama/TinyLlama-1.1B-Chat-v1.0",
    "object": "text_completion",
    "system_fingerprint": "2.0.1-native"
  },
  {
    "choices": [
      {
        "finish_reason": "",
        "index": 3,
        "logprobs": null,
        "text": " being"
      }
    ],
    "created": 1713284431,
    "id": "",
    "model": "TinyLlama/TinyLlama-1.1B-Chat-v1.0",
    "object": "text_completion",
    "system_fingerprint": "2.0.1-native"
  }
]
