{
  "choices": [
    {
      "finish_reason": "length",
      "index": 0,
      "logprobs": null,
      "text": " PR for flake8"
    }
  ],
  "created": 1713284454,
  "id": "",
  "model": "TinyLlama/TinyLlama-1.1B-Chat-v1.0",
  "object": "text_completion",
  "system_fingerprint": "2.0.1-native",
  "usage": {
    "completion_tokens": 5,
    "prompt_tokens": 6,
    "total_tokens": 11
  }
}
