{
  "choices": [
    {
      "finish_reason": "eos_token",
      "index": 1,
      "logprobs": null,
      "text": " PR for more information?"
    },
    {
      "finish_reason": "length",
      "index": 0,
      "logprobs": null,
      "text": "le Business Incubator is providing a workspace"
    },
    {
      "finish_reason": "length",
      "index": 2,
      "logprobs": null,
      "text": " severely flawed and often has a substandard"
    },
    {
      "finish_reason": "length",
      "index": 3,
      "logprobs": null,
      "text": "hd20220811-"
    }
  ],
  "created": 1713284455,
  "id": "",
  "model": "TinyLlama/TinyLlama-1.1B-Chat-v1.0",
  "object": "text_completion",
  "system_fingerprint": "2.0.1-native",
  "usage": {
    "completion_tokens": 36,
    "prompt_tokens": 8,
    "total_tokens": 44
  }
}
