{
  "details": {
    "best_of_sequences": null,
    "finish_reason": "length",
    "generated_tokens": 10,
    "prefill": [],
    "seed": null,
    "tokens": [
      {
        "id": 330,
        "logprob": -0.13000488,
        "special": false,
        "text": " A"
      },
      {
        "id": 13088,
        "logprob": -0.6713867,
        "special": false,
        "text": " chicken"
      },
      {
        "id": 349,
        "logprob": -0.2980957,
        "special": false,
        "text": " is"
      },
      {
        "id": 6398,
        "logprob": -0.060638428,
        "special": false,
        "text": " sitting"
      },
      {
        "id": 356,
        "logprob": -0.27319336,
        "special": false,
        "text": " on"
      },
      {
        "id": 264,
        "logprob": -0.140625,
        "special": false,
        "text": " a"
      },
      {
        "id": 17972,
        "logprob": -0.040405273,
        "special": false,
        "text": " pile"
      },
      {
        "id": 302,
        "logprob": -0.0002708435,
        "special": false,
        "text": " of"
      },
      {
        "id": 2445,
        "logprob": -0.095336914,
        "special": false,
        "text": " money"
      },
      {
        "id": 28723,
        "logprob": -0.0068359375,
        "special": false,
        "text": "."
      }
    ],
    "top_tokens": null
  },
  "generated_text": " A chicken is sitting on a pile of money."
}
