{
  "choices": [
    {
      "finish_reason": "eos_token",
      "index": 0,
      "logprobs": null,
      "message": {
        "content": null,
        "name": null,
        "role": "assistant",
        "tool_calls": [
          {
            "function": {
              "arguments": {
                "format": "celsius",
                "location": "Brooklyn"
              },
              "description": null,
              "name": "get_current_weather"
            },
            "id": 0,
            "type": "function"
          }
        ]
      },
      "usage": null
    }
  ],
  "created": 1712782670,
  "id": "",
  "model": "TinyLlama/TinyLlama-1.1B-Chat-v1.0",
  "object": "text_completion",
  "system_fingerprint": "2.0.1-native",
  "usage": {
    "completion_tokens": 37,
    "prompt_tokens": 524,
    "total_tokens": 561
  }
}
