{
  "choices": [
    {
      "finish_reason": "eos_token",
      "index": 0,
      "logprobs": null,
      "message": {
        "content": null,
        "name": null,
        "role": "assistant",
        "tool_calls": [
          {
            "function": {
              "arguments": {
                "error": "Cannot get current weather forecast from specified location and temperature unit. Please try again with different options."
              },
              "description": null,
              "name": "notify_error"
            },
            "id": 0,
            "type": "function"
          }
        ]
      },
      "usage": null
    }
  ],
  "created": 1712852597,
  "id": "",
  "model": "TinyLlama/TinyLlama-1.1B-Chat-v1.0",
  "object": "text_completion",
  "system_fingerprint": "1.4.5-native",
  "usage": {
    "completion_tokens": 39,
    "prompt_tokens": 496,
    "total_tokens": 535
  }
}
